> cor(pheno)
            50         51         52        53           54           55          56           57         58
50  1.00000000 0.26695471 0.52512015 0.1712585  0.172249533  0.417848050  0.57914230  0.169312690 0.26748521
51  0.26695471 1.00000000 0.32275153 0.3025351  0.298580080  0.198739224  0.40715923  0.306119055 0.21253627
52  0.52512015 0.32275153 1.00000000 0.1997169  0.171459160  0.334581200  0.47501606  0.194304987 0.21571290
53  0.17125848 0.30253511 0.19971687 1.0000000  0.197304081  0.403672636  0.19608034  0.215531948 0.36503830
54  0.17224953 0.29858008 0.17145916 0.1973041  1.000000000 -0.007654559  0.22622262  0.353925723 0.20297620
55  0.41784805 0.19873922 0.33458120 0.4036726 -0.007654559  1.000000000  0.41343926 -0.072614577 0.41951677
56  0.57914230 0.40715923 0.47501606 0.1960803  0.226222619  0.413439262  1.00000000  0.210421690 0.29575558
57  0.16931269 0.30611905 0.19430499 0.2155319  0.353925723 -0.072614577  0.21042169  1.000000000 0.13371224
58  0.26748521 0.21253627 0.21571290 0.3650383  0.202976198  0.419516774  0.29575558  0.133712244 1.00000000
59  0.07201610 0.40564981 0.23563318 0.2810266  0.335554822 -0.034697696  0.21303929  0.466359818 0.15318078
60  0.01591905 0.44042584 0.19310459 0.2782397  0.384724787 -0.128912132  0.17325639  0.425334938 0.16390775
61  0.25422552 0.41248162 0.34414537 0.2410407  0.403875240  0.020195840  0.27210778  0.436435889 0.25129423
62  0.21312097 0.32043022 0.29451741 0.2633703  0.352092853  0.050199225  0.28154914  0.466493493 0.18272957
63  0.01094883 0.32741636 0.10357441 0.3053117  0.354581286 -0.171631575  0.02348290  0.425358245 0.18781418
64  0.42472590 0.25757551 0.34693671 0.4508379 -0.019851262  0.696566634  0.42613384 -0.046750232 0.52392926
65  0.24214931 0.35784053 0.23887190 0.2159128  0.292936092  0.034705188  0.30111070  0.430690073 0.07506748
66  0.37367648 0.28662960 0.50813911 0.2533068  0.280350754  0.186781335  0.48429586  0.321117924 0.16443192
67  0.29538889 0.29951759 0.32390583 0.1915522  0.235850317  0.066435879  0.17659028  0.377453672 0.12783690
68 -0.09918983 0.33463569 0.12889306 0.2819617  0.409140914 -0.073197997  0.04036864  0.439147291 0.14180893
69  0.10384229 0.31496811 0.23480771 0.3497241  0.290860455  0.291962567  0.13127161  0.214992760 0.31490419
70  0.09212304 0.41381944 0.21737565 0.2419329  0.413049407 -0.114426054  0.18218741  0.419311777 0.19665111
71  0.18783054 0.35486062 0.27816219 0.4588361  0.377721251  0.195396916  0.28438093  0.424639483 0.33760010
72  0.32402675 0.34379766 0.26954119 0.2606055  0.396689716 -0.042270466  0.26136307  0.427078529 0.17389933
73  0.30457222 0.23813704 0.19188830 0.4430928  0.228909450  0.426078299  0.25361466  0.111858388 0.37324881
74 -0.20408521 0.03150924 0.03699489 0.2079362  0.214366846 -0.111823026 -0.08251810  0.275763460 0.07403536
75  0.45304661 0.29344432 0.34391249 0.4207724  0.119211184  0.561456049  0.40530514  0.155572063 0.34429351
76  0.18122236 0.35907121 0.27927122 0.3549100  0.313709810  0.159862209  0.21142246  0.306165454 0.39659314
77  0.13848130 0.36187411 0.25169941 0.1972781  0.367687012 -0.112989662  0.11429427  0.480360118 0.11912350
78 -0.07000516 0.29961576 0.13472241 0.2254500  0.363825992 -0.205455317  0.02775366  0.454079412 0.08926537
79  0.14910083 0.33421739 0.22188105 0.3063021  0.345369924  0.028922091  0.11226340  0.268111636 0.20796301
80  0.19656662 0.23128397 0.18898085 0.4238592  0.161423062  0.463746330  0.21848407  0.122955809 0.32967807
81  0.09327007 0.23168011 0.18127804 0.1724282  0.271321921 -0.056330863  0.04906564  0.277794154 0.03591949
82  0.19098489 0.31213346 0.32374189 0.2329467  0.248165935  0.117200491  0.26686661  0.236500499 0.25854536
83  0.05522120 0.33864646 0.25469930 0.2803099  0.396351331 -0.074418934  0.16666780  0.390897067 0.12739420
84  0.25606179 0.30912557 0.22689650 0.3309931  0.289742573  0.039390632  0.24445439  0.259781391 0.29830621
85  0.31659399 0.08411506 0.33875971 0.2543445  0.080480439  0.397566295  0.35406293 -0.005501314 0.27343454
86  0.62756709 0.09137826 0.40092419 0.1935625 -0.039144866  0.640038614  0.52292803 -0.087677402 0.30654965
87  0.15944543 0.34316384 0.31981240 0.3342361  0.347331401  0.078385051  0.25699518  0.380659016 0.13782371
88  0.46279081 0.05134375 0.27675467 0.2844590 -0.094478631  0.748549551  0.41491339 -0.156763708 0.36655248
            59          60            61           62          63          64          65         66          67
50  0.07201610  0.01591905  0.2542255229  0.213120974  0.01094883  0.42472590  0.24214931 0.37367648  0.29538889
51  0.40564981  0.44042584  0.4124816213  0.320430218  0.32741636  0.25757551  0.35784053 0.28662960  0.29951759
52  0.23563318  0.19310459  0.3441453661  0.294517406  0.10357441  0.34693671  0.23887190 0.50813911  0.32390583
53  0.28102663  0.27823970  0.2410406729  0.263370279  0.30531171  0.45083792  0.21591275 0.25330677  0.19155223
54  0.33555482  0.38472479  0.4038752403  0.352092853  0.35458129 -0.01985126  0.29293609 0.28035075  0.23585032
55 -0.03469770 -0.12891213  0.0201958397  0.050199225 -0.17163157  0.69656663  0.03470519 0.18678134  0.06643588
56  0.21303929  0.17325639  0.2721077781  0.281549139  0.02348290  0.42613384  0.30111070 0.48429586  0.17659028
57  0.46635982  0.42533494  0.4364358889  0.466493493  0.42535824 -0.04675023  0.43069007 0.32111792  0.37745367
58  0.15318078  0.16390775  0.2512942311  0.182729573  0.18781418  0.52392926  0.07506748 0.16443192  0.12783690
59  1.00000000  0.51319003  0.4312580011  0.433731840  0.50109216 -0.06283526  0.36118721 0.43172697  0.37526286
60  0.51319003  1.00000000  0.4029958181  0.347825830  0.51985602 -0.10385741  0.28152818 0.31184288  0.25727610
61  0.43125800  0.40299582  1.0000000000  0.403157001  0.38180263  0.04395502  0.31424700 0.38045035  0.44234324
62  0.43373184  0.34782583  0.4031570011  1.000000000  0.35292009  0.03640437  0.21105097 0.32803103  0.34536023
63  0.50109216  0.51985602  0.3818026332  0.352920086  1.00000000 -0.14363487  0.30696612 0.25630272  0.22764876
64 -0.06283526 -0.10385741  0.0439550161  0.036404370 -0.14363487  1.00000000  0.11833057 0.15387777  0.14325637
65  0.36118721  0.28152818  0.3142470011  0.211050966  0.30696612  0.11833057  1.00000000 0.34110189  0.34825532
66  0.43172697  0.31184288  0.3804503542  0.328031026  0.25630272  0.15387777  0.34110189 1.00000000  0.30228393
67  0.37526286  0.25727610  0.4423432436  0.345360230  0.22764876  0.14325637  0.34825532 0.30228393  1.00000000
68  0.48325863  0.52059602  0.4877094770  0.404087040  0.52801459 -0.08740240  0.31129095 0.31309047  0.28129597
69  0.30085324  0.37057645  0.2791909881  0.254281716  0.30912998  0.25645053  0.25943851 0.26194044  0.31237444
70  0.45547831  0.46394576  0.5429134864  0.334257917  0.50345163 -0.05891264  0.36484905 0.30667379  0.26659928
71  0.43305406  0.44885736  0.4442350265  0.390498211  0.43058538  0.24613988  0.33753169 0.35363689  0.34325481
72  0.45431569  0.39459040  0.3684303396  0.357517149  0.38501449  0.04704063  0.41485151 0.37591277  0.42925824
73  0.25760498  0.14565160  0.2990840094  0.301393381  0.26424469  0.36380736  0.19230526 0.20556832  0.18194317
74  0.34165615  0.22982950  0.1764258191  0.259315982  0.30523160 -0.03346528  0.17870690 0.15663819  0.16363738
75  0.14079359  0.05623562  0.1729855417  0.227867100 -0.03342642  0.59626054  0.24237520 0.30806538  0.25706060
76  0.35409406  0.44246035  0.4192753890  0.281212144  0.35601097  0.24960661  0.27481532 0.30089265  0.29684961
77  0.35425352  0.47868479  0.3896592064  0.409219583  0.49150036 -0.03367084  0.31672348 0.29932609  0.29405978
78  0.40272915  0.56129819  0.3826446261  0.271841986  0.62054493 -0.23826604  0.27725978 0.21092571  0.25159628
79  0.36188859  0.26196095  0.4237820260  0.358879644  0.35669853  0.09212477  0.25303873 0.27565629  0.23946489
80  0.09834065  0.12922024  0.1069580371  0.190742041  0.10534927  0.48195964  0.17177139 0.12508694  0.22988308
81  0.38018733  0.34935934  0.4087578346  0.309210165  0.45754978 -0.11470654  0.24315004 0.28674214  0.27076837
82  0.25382449  0.21892958  0.3228439154  0.256550697  0.28809260  0.18293423  0.28382176 0.23694911  0.21560781
83  0.43170801  0.48317462  0.4604255522  0.354914565  0.53057351 -0.09530373  0.25811997 0.36136751  0.27342609
84  0.32777935  0.41297319  0.3778007253  0.277500657  0.48501442  0.10201881  0.21837663 0.26541681  0.17855981
85  0.10883540 -0.12390806  0.1109343209  0.128951249 -0.10736464  0.38515952  0.11023879 0.27725070  0.05134652
86 -0.13990154 -0.19051240 -0.0009185419  0.004139384 -0.30834035  0.63901835  0.01216461 0.22632186  0.03322129
87  0.45097760  0.36954370  0.4655920337  0.318225851  0.46695204  0.04789681  0.30740318 0.37248853  0.22522460
88 -0.20128648 -0.27074948 -0.1247200962 -0.054846154 -0.39626809  0.73925953 -0.07259480 0.09866571 -0.04850812
             68         69          70         71          72        73          74           75          76
50 -0.099189833 0.10384229  0.09212304 0.18783054  0.32402675 0.3045722 -0.20408521  0.453046613  0.18122236
51  0.334635686 0.31496811  0.41381944 0.35486062  0.34379766 0.2381370  0.03150924  0.293444320  0.35907121
52  0.128893059 0.23480771  0.21737565 0.27816219  0.26954119 0.1918883  0.03699489  0.343912490  0.27927122
53  0.281961712 0.34972412  0.24193294 0.45883612  0.26060550 0.4430928  0.20793615  0.420772412  0.35491000
54  0.409140914 0.29086045  0.41304941 0.37772125  0.39668972 0.2289095  0.21436685  0.119211184  0.31370981
55 -0.073197997 0.29196257 -0.11442605 0.19539692 -0.04227047 0.4260783 -0.11182303  0.561456049  0.15986221
56  0.040368641 0.13127161  0.18218741 0.28438093  0.26136307 0.2536147 -0.08251810  0.405305139  0.21142246
57  0.439147291 0.21499276  0.41931178 0.42463948  0.42707853 0.1118584  0.27576346  0.155572063  0.30616545
58  0.141808933 0.31490419  0.19665111 0.33760010  0.17389933 0.3732488  0.07403536  0.344293505  0.39659314
59  0.483258634 0.30085324  0.45547831 0.43305406  0.45431569 0.2576050  0.34165615  0.140793588  0.35409406
60  0.520596015 0.37057645  0.46394576 0.44885736  0.39459040 0.1456516  0.22982950  0.056235616  0.44246035
61  0.487709477 0.27919099  0.54291349 0.44423503  0.36843034 0.2990840  0.17642582  0.172985542  0.41927539
62  0.404087040 0.25428172  0.33425792 0.39049821  0.35751715 0.3013934  0.25931598  0.227867100  0.28121214
63  0.528014586 0.30912998  0.50345163 0.43058538  0.38501449 0.2642447  0.30523160 -0.033426425  0.35601097
64 -0.087402398 0.25645053 -0.05891264 0.24613988  0.04704063 0.3638074 -0.03346528  0.596260541  0.24960661
65  0.311290952 0.25943851  0.36484905 0.33753169  0.41485151 0.1923053  0.17870690  0.242375197  0.27481532
66  0.313090470 0.26194044  0.30667379 0.35363689  0.37591277 0.2055683  0.15663819  0.308065381  0.30089265
67  0.281295970 0.31237444  0.26659928 0.34325481  0.42925824 0.1819432  0.16363738  0.257060601  0.29684961
68  1.000000000 0.43663482  0.39045707 0.42715478  0.37692142 0.2133457  0.29286669  0.003104729  0.41343544
69  0.436634821 1.00000000  0.24327836 0.37483707  0.25398839 0.3646389  0.20084649  0.242544722  0.36065955
70  0.390457071 0.24327836  1.00000000 0.41426766  0.37952298 0.1759885  0.22674271  0.105483154  0.32596788
71  0.427154783 0.37483707  0.41426766 1.00000000  0.38166208 0.3101939  0.26632223  0.262455080  0.48864079
72  0.376921425 0.25398839  0.37952298 0.38166208  1.00000000 0.2418315  0.21549637  0.205845355  0.37342510
73  0.213345736 0.36463885  0.17598846 0.31019389  0.24183151 1.0000000  0.11921630  0.370230038  0.31743936
74  0.292866688 0.20084649  0.22674271 0.26632223  0.21549637 0.1192163  1.00000000  0.071720956  0.10875078
75  0.003104729 0.24254472  0.10548315 0.26245508  0.20584535 0.3702300  0.07172096  1.000000000  0.15613185
76  0.413435436 0.36065955  0.32596788 0.48864079  0.37342510 0.3174394  0.10875078  0.156131854  1.00000000
77  0.496693833 0.23968942  0.40993154 0.41613104  0.44932537 0.1931690  0.06195677  0.004668836  0.42004844
78  0.560132711 0.24397365  0.45604325 0.48118579  0.36253688 0.1416207  0.31463514 -0.021049033  0.35432260
79  0.340686087 0.22210052  0.33820921 0.42886275  0.25041368 0.2921854  0.14238069  0.071500985  0.35561358
80  0.198978696 0.41080668  0.03032534 0.27355045  0.22948368 0.3918372  0.16198514  0.396698167  0.29058268
81  0.391836543 0.24890156  0.41674953 0.33573566  0.30857873 0.2302481  0.13858195 -0.025574926  0.28439581
82  0.193107912 0.24585982  0.31109878 0.27085974  0.27110528 0.2424110  0.16117880  0.279142798  0.22720505
83  0.471817120 0.30866343  0.45269826 0.46411649  0.39005184 0.2518621  0.26282272 -0.017483647  0.33907935
84  0.401387311 0.29624053  0.37872780 0.40029812  0.31158781 0.3526698  0.15150977  0.168387538  0.40511889
85 -0.093824405 0.03619419  0.01074209 0.10530628  0.09160720 0.2733416  0.26061923  0.502132405 -0.07974412
86 -0.236046895 0.06303389 -0.08129778 0.08176377 -0.02603358 0.2714155 -0.34822247  0.503510411  0.01838171
87  0.402123261 0.17510059  0.40093318 0.45460585  0.31006367 0.2128001  0.17303718  0.153912462  0.37567565
88 -0.295167308 0.08134808 -0.22628753 0.02241247 -0.14771071 0.3133146 -0.25914080  0.552284803  0.06566129
             77          78          79         80          81         82          83          84           85
50  0.138481298 -0.07000516  0.14910083 0.19656662  0.09327007 0.19098489  0.05522120  0.25606179  0.316593995
51  0.361874114  0.29961576  0.33421739 0.23128397  0.23168011 0.31213346  0.33864646  0.30912557  0.084115055
52  0.251699410  0.13472241  0.22188105 0.18898085  0.18127804 0.32374189  0.25469930  0.22689650  0.338759707
53  0.197278114  0.22545005  0.30630212 0.42385919  0.17242818 0.23294670  0.28030988  0.33099312  0.254344483
54  0.367687012  0.36382599  0.34536992 0.16142306  0.27132192 0.24816593  0.39635133  0.28974257  0.080480439
55 -0.112989662 -0.20545532  0.02892209 0.46374633 -0.05633086 0.11720049 -0.07441893  0.03939063  0.397566295
56  0.114294273  0.02775366  0.11226340 0.21848407  0.04906564 0.26686661  0.16666780  0.24445439  0.354062928
57  0.480360118  0.45407941  0.26811164 0.12295581  0.27779415 0.23650050  0.39089707  0.25978139 -0.005501314
58  0.119123496  0.08926537  0.20796301 0.32967807  0.03591949 0.25854536  0.12739420  0.29830621  0.273434536
59  0.354253523  0.40272915  0.36188859 0.09834065  0.38018733 0.25382449  0.43170801  0.32777935  0.108835398
60  0.478684786  0.56129819  0.26196095 0.12922024  0.34935934 0.21892958  0.48317462  0.41297319 -0.123908064
61  0.389659206  0.38264463  0.42378203 0.10695804  0.40875783 0.32284392  0.46042555  0.37780073  0.110934321
62  0.409219583  0.27184199  0.35887964 0.19074204  0.30921017 0.25655070  0.35491457  0.27750066  0.128951249
63  0.491500364  0.62054493  0.35669853 0.10534927  0.45754978 0.28809260  0.53057351  0.48501442 -0.107364638
64 -0.033670838 -0.23826604  0.09212477 0.48195964 -0.11470654 0.18293423 -0.09530373  0.10201881  0.385159523
65  0.316723477  0.27725978  0.25303873 0.17177139  0.24315004 0.28382176  0.25811997  0.21837663  0.110238792
66  0.299326095  0.21092571  0.27565629 0.12508694  0.28674214 0.23694911  0.36136751  0.26541681  0.277250698
67  0.294059776  0.25159628  0.23946489 0.22988308  0.27076837 0.21560781  0.27342609  0.17855981  0.051346519
68  0.496693833  0.56013271  0.34068609 0.19897870  0.39183654 0.19310791  0.47181712  0.40138731 -0.093824405
69  0.239689419  0.24397365  0.22210052 0.41080668  0.24890156 0.24585982  0.30866343  0.29624053  0.036194190
70  0.409931538  0.45604325  0.33820921 0.03032534  0.41674953 0.31109878  0.45269826  0.37872780  0.010742089
71  0.416131039  0.48118579  0.42886275 0.27355045  0.33573566 0.27085974  0.46411649  0.40029812  0.105306276
72  0.449325373  0.36253688  0.25041368 0.22948368  0.30857873 0.27110528  0.39005184  0.31158781  0.091607197
73  0.193169040  0.14162067  0.29218542 0.39183716  0.23024808 0.24241095  0.25186207  0.35266980  0.273341621
74  0.061956772  0.31463514  0.14238069 0.16198514  0.13858195 0.16117880  0.26282272  0.15150977  0.260619225
75  0.004668836 -0.02104903  0.07150098 0.39669817 -0.02557493 0.27914280 -0.01748365  0.16838754  0.502132405
76  0.420048440  0.35432260  0.35561358 0.29058268  0.28439581 0.22720505  0.33907935  0.40511889 -0.079744124
77  1.000000000  0.38419088  0.32634012 0.13281183  0.41115965 0.18390134  0.36517957  0.32021213 -0.092274844
78  0.384190881  1.00000000  0.32675403 0.07589919  0.27602322 0.27237661  0.57200689  0.48363122 -0.151385971
79  0.326340121  0.32675403  1.00000000 0.07083902  0.33372470 0.29752580  0.45294268  0.26144710  0.081729079
80  0.132811830  0.07589919  0.07083902 1.00000000  0.04370543 0.23188788  0.04716482  0.24061336  0.194663966
81  0.411159652  0.27602322  0.33372470 0.04370543  1.00000000 0.09231829  0.45254586  0.26858180 -0.096293841
82  0.183901341  0.27237661  0.29752580 0.23188788  0.09231829 1.00000000  0.21852005  0.34527682  0.256388561
83  0.365179566  0.57200689  0.45294268 0.04716482  0.45254586 0.21852005  1.00000000  0.33505670 -0.059987075
84  0.320212134  0.48363122  0.26144710 0.24061336  0.26858180 0.34527682  0.33505670  1.00000000  0.110385134
85 -0.092274844 -0.15138597  0.08172908 0.19466397 -0.09629384 0.25638856 -0.05998707  0.11038513  1.000000000
86 -0.059736967 -0.31602726  0.01605903 0.29775470 -0.07504212 0.06469849 -0.22358062  0.04568409  0.375871321
87  0.270161204  0.42639303  0.29802873 0.11025070  0.25978292 0.27029977  0.37999121  0.37135987  0.044563606
88 -0.197905915 -0.42735916 -0.02253805 0.42366016 -0.21017259 0.06988580 -0.31329214 -0.02896255  0.442653962
              86           87          88
50  0.6275670948  0.159445434  0.46279081
51  0.0913782596  0.343163843  0.05134375
52  0.4009241928  0.319812396  0.27675467
53  0.1935625238  0.334236123  0.28445905
54 -0.0391448661  0.347331401 -0.09447863
55  0.6400386137  0.078385051  0.74854955
56  0.5229280345  0.256995183  0.41491339
57 -0.0876774021  0.380659016 -0.15676371
58  0.3065496464  0.137823710  0.36655248
59 -0.1399015435  0.450977604 -0.20128648
60 -0.1905123979  0.369543703 -0.27074948
61 -0.0009185419  0.465592034 -0.12472010
62  0.0041393842  0.318225851 -0.05484615
63 -0.3083403512  0.466952039 -0.39626809
64  0.6390183453  0.047896812  0.73925953
65  0.0121646062  0.307403178 -0.07259480
66  0.2263218567  0.372488526  0.09866571
67  0.0332212917  0.225224599 -0.04850812
68 -0.2360468953  0.402123261 -0.29516731
69  0.0630338890  0.175100594  0.08134808
70 -0.0812977800  0.400933178 -0.22628753
71  0.0817637730  0.454605851  0.02241247
72 -0.0260335787  0.310063670 -0.14771071
73  0.2714154927  0.212800058  0.31331456
74 -0.3482224733  0.173037177 -0.25914080
75  0.5035104109  0.153912462  0.55228480
76  0.0183817094  0.375675651  0.06566129
77 -0.0597369669  0.270161204 -0.19790591
78 -0.3160272566  0.426393031 -0.42735916
79  0.0160590296  0.298028730 -0.02253805
80  0.2977546964  0.110250699  0.42366016
81 -0.0750421223  0.259782921 -0.21017259
82  0.0646984858  0.270299772  0.06988580
83 -0.2235806154  0.379991206 -0.31329214
84  0.0456840920  0.371359868 -0.02896255
85  0.3758713214  0.044563606  0.44265396
86  1.0000000000 -0.003656281  0.81932253
87 -0.0036562811  1.000000000 -0.08302030
88  0.8193225250 -0.083020302  1.00000000
> image(cor(pheno))
> dev.off()
png:gene_data/AT1G01320.png 
                          2 
> dev.off()
png:gene_data/AT1G01010.png 
                          3 
> dev.off()
null device 
          1 
> dev.off()
Error in dev.off() : cannot shut down device 1 (the null device)
> image(cor(pheno))
> which(resmatrix[,61]==1)
[1]  1 37 39
> image(cor(pheno) > 0.5)
> image(abs(cor(pheno)) > 0.5)
> image(resmatrix)
> 
> 
> 
> #
> for(filename in dir("gene_data")[grepl(".txt",dir("gene_data"))]){
+ cat("Loading", filename,"\n")
+ Pheno <- read.table(paste("gene_data/",filename,sep=""))
+ pheno <- t(Pheno[,25:188])
+ resmatrix <- NULL
+ png(file = paste("gene_data/",gsub(".txt",".png",filename),sep=""), bg="white")######??remove ".txt"??######
+ plot(c(0,69), c(0,(ncol(pheno)+1)), t="n")
+ for(p in 1:ncol(pheno)){
+ envi_eff <- NULL
+ genet_eff <- NULL
+ for(x in 2:ncol(geno__n)){
+ #g1 <- which(geno__n[,x] == "A")
+ #g2 <- which(geno__n[,x] == "B")
+ #p_value <- t.test(pheno[g1,p],pheno[g2,p])$p.value
+ mylm <- anova(lm(pheno[,p] ~ as.factor(menvironment) + as.numeric(geno__n[,x])))
+ envi_eff  <- c(envi_eff, -log(mylm[[5]][1]))
+ genet_eff <- c(genet_eff, -log(mylm[[5]][2]))
+ }
+ points(as.numeric(genet_eff >= 5)*p, t='p', col='black',pch=20,cex=3)
+ resmatrix <- rbind(resmatrix, genet_eff)
+ }
+ dev.off()
+ return()
+ }
Loading AT1G01010.txt 
Error: no function to return from, jumping to top level
> resmatrix
                [,1]        [,2]       [,3]       [,4]       [,5]
genet_eff 4.06439574 1.227950809 0.22105316 1.30732586 2.37658396
genet_eff 0.47827919 0.251433498 0.24067938 0.09959203 0.57366785
genet_eff 0.52575726 1.555763657 2.34330418 3.38759497 3.64292829
genet_eff 4.78465512 4.292987242 3.45583924 3.82527883 1.92749978
genet_eff 0.11679904 0.620225778 2.80859201 0.98302047 0.38530223
genet_eff 3.76093954 3.633830400 3.03245096 0.92375547 1.06583416
genet_eff 0.15351455 0.284378017 1.13549032 3.26094665 0.13473234
genet_eff 0.07414628 0.078089272 0.10512222 0.65331307 0.79360027
genet_eff 3.69619591 2.713289575 2.24306247 0.30312663 1.04602193
genet_eff 5.03989157 2.303474800 1.42509481 1.06376471 0.46421284
genet_eff 2.65579108 2.094005359 1.68259555 0.38132013 0.22661851
genet_eff 0.41583258 0.175300027 0.47711574 0.51852470 0.55704383
genet_eff 0.13672427 1.030832267 0.49607866 0.17943067 0.94067325
genet_eff 0.42513352 0.008020781 0.89668962 0.18928747 0.78913386
genet_eff 2.42291203 2.242188246 1.09868199 0.43287050 1.00919652
genet_eff 0.33071003 0.107380728 0.34265738 0.11221933 0.12483507
genet_eff 1.77961061 2.186238810 3.51626935 1.22364872 2.66921837
genet_eff 0.85374618 1.613175225 0.31126453 0.26419367 0.94826864
genet_eff 0.24673176 0.094894606 0.25121230 1.42352906 1.48740124
genet_eff 0.88751064 0.476700104 0.14588234 1.11272955 0.19376067
genet_eff 0.06343303 0.675745478 2.36619717 1.17141474 1.81503971
genet_eff 0.31756266 0.232038613 0.41332245 2.99996212 1.90366723
genet_eff 0.06377973 0.030299253 0.32082602 0.37148713 0.30055251
genet_eff 5.03383925 3.139669963 1.49817224 0.38138804 0.53014764
genet_eff 0.94999094 1.755902540 1.32572349 0.45777475 0.83107621
genet_eff 0.30417965 0.271313117 0.23912472 0.21266812 1.26896984
genet_eff 0.04518557 0.027685064 1.33384015 0.58791096 0.08986177
genet_eff 0.01748602 0.065962633 0.29010783 0.07665506 0.51219228
genet_eff 0.61310107 0.513597928 0.13698150 1.92816397 3.85641443
genet_eff 0.45144836 0.194129450 0.26712967 0.55308444 0.11573490
genet_eff 3.46786685 4.583833741 3.88733989 1.18710325 0.15686422
genet_eff 0.29030759 0.659984669 1.13163888 0.67963161 0.11002716
genet_eff 2.68297048 1.703324000 1.67587875 2.31184402 1.82942726
genet_eff 0.30671311 0.358318158 0.08155695 1.68425496 2.15754183
genet_eff 0.23958150 0.630256426 0.52158947 1.04549360 0.33729974
genet_eff 0.16799336 0.696205373 0.36256204 1.07404528 3.33945241
genet_eff 1.67332591 0.035682732 0.24180864 0.22423163 1.67012467
genet_eff 0.99205025 0.646530796 0.51480900 0.17573633 0.57964408
genet_eff 2.17590639 0.938772742 0.84127961 0.07742497 2.69398799
                [,6]        [,7]        [,8]       [,9]      [,10]
genet_eff 3.46371298 0.779476486 1.632878245 3.30791392 1.69475845
genet_eff 0.02695664 0.666265457 0.145052344 0.15579767 1.30383486
genet_eff 2.26850325 1.101323799 0.757915537 0.75269170 0.06558973
genet_eff 1.81841525 0.939783890 0.159633782 0.38596980 0.67339043
genet_eff 0.46373173 0.468635297 0.661176698 0.04963342 0.40348369
genet_eff 0.67328853 0.397790006 0.322876285 1.20824332 0.11788818
genet_eff 0.92936151 2.561025069 2.943499457 4.74636686 2.19601081
genet_eff 0.92864631 0.565804148 0.240230491 0.06587808 0.74095976
genet_eff 1.65376594 0.027143607 1.925690372 1.51140590 0.61178018
genet_eff 0.10248877 0.364074797 1.321100966 0.75169048 0.18789218
genet_eff 0.81366153 0.523038966 1.131185636 0.44566499 0.58760638
genet_eff 0.61065957 0.026911410 2.977957300 1.22399263 0.67645576
genet_eff 0.91457234 0.390205244 3.189249981 1.86564926 2.82387767
genet_eff 0.28068885 0.577985198 1.804578671 0.97940246 2.14888906
genet_eff 1.50989644 0.962634083 0.651446942 1.27323301 1.02157837
genet_eff 1.48042548 0.292056232 3.758070384 3.98952975 5.23155175
genet_eff 2.28457813 3.345288130 7.445332243 1.53673286 0.77054381
genet_eff 0.42437878 0.775501265 0.069579430 0.27045635 0.68577705
genet_eff 1.53477567 1.821561102 0.369490928 0.26058098 0.24154441
genet_eff 0.83549697 1.085493470 0.854886705 0.52727287 0.46687571
genet_eff 1.10430111 1.082899477 2.562379761 1.20562884 0.69541829
genet_eff 1.01377949 0.108915410 1.126326806 0.16930852 0.60003176
genet_eff 0.04661307 0.094180159 0.850692823 1.85154517 1.40731818
genet_eff 0.53833665 0.378538476 1.714950507 2.38435276 3.75735694
genet_eff 0.75249651 0.635940695 0.146192597 0.17003834 0.18822562
genet_eff 1.26795532 0.001882552 0.277450671 1.24579603 0.05498575
genet_eff 0.81228175 0.240329279 0.378686291 0.09695907 2.64125084
genet_eff 0.39449421 0.196617711 3.480405826 2.48543868 1.78092725
genet_eff 0.91201897 1.317325565 0.844006865 0.98047739 0.20352760
genet_eff 0.83254498 1.525881763 1.733314571 0.81229973 1.64123033
genet_eff 0.74195198 0.065961581 0.067572050 0.46720963 0.29325702
genet_eff 1.03469276 0.080827965 0.307971376 1.00098460 0.22366071
genet_eff 0.24288854 0.126272233 0.006149059 0.08304577 0.35051714
genet_eff 1.85298313 1.000056666 0.328425055 0.33138829 0.88315771
genet_eff 0.16160146 1.061788043 0.905671572 0.01810567 0.26633880
genet_eff 1.86838470 2.532772895 2.369282428 3.49169292 0.11648689
genet_eff 1.93181512 3.056151668 0.661994034 1.30150822 0.03736119
genet_eff 1.25402425 1.693025299 0.495325926 0.60585693 0.38356168
genet_eff 1.72997125 2.061170427 0.685352920 2.06975833 0.30395620
               [,11]      [,12]      [,13]        [,14]      [,15]
genet_eff 1.28847131 0.27666951 0.35941405 0.6278638532 1.57644279
genet_eff 0.25831396 0.34260739 0.49362601 0.6364779507 0.65220028
genet_eff 1.23396635 0.71807297 0.59767677 0.4818687492 0.08481776
genet_eff 1.27455218 1.00084025 2.38164079 0.5391235351 0.40795555
genet_eff 0.62402176 0.35089937 0.46282704 0.0001065293 0.40858391
genet_eff 0.45376543 0.03814171 0.25483351 0.1815884042 0.21557526
genet_eff 0.62131360 0.14207882 0.30856592 0.7109461574 1.72246689
genet_eff 0.83776394 0.82227294 0.78654824 0.1337214413 0.04868472
genet_eff 0.32607174 2.39225069 2.60017388 1.4172129971 0.88848724
genet_eff 0.04628762 2.19241369 0.98694620 0.1123711217 0.01551539
genet_eff 0.30772842 1.04397638 0.74874209 1.0924433339 0.19953458
genet_eff 0.06135098 3.51097297 2.36591433 1.3784610469 0.36411113
genet_eff 0.91399047 1.04538310 1.05602515 0.4017773159 0.36536943
genet_eff 2.26142258 0.05279142 0.12981960 0.2125790203 0.57052097
genet_eff 1.06534619 0.43602045 0.08254095 0.0351248688 0.20336873
genet_eff 3.37974800 1.05347826 0.58640452 2.9385276449 3.25591741
genet_eff 0.05479963 1.38525879 0.36361021 0.5676610257 0.41776818
genet_eff 0.55342444 0.33673360 0.51720459 0.1412290204 1.30032482
genet_eff 1.26547322 0.89998000 1.29923141 1.5776931179 0.67561155
genet_eff 0.46397235 0.13660183 0.57876421 0.3871200853 0.27849506
genet_eff 0.79752987 0.54416434 0.04848734 0.2873768262 1.88803563
genet_eff 2.08930015 0.61550458 0.02068237 0.0816426080 0.78926096
genet_eff 1.10483290 0.07904631 0.45732557 2.0175730538 3.49981753
genet_eff 1.56070551 0.18909746 0.06713643 0.3278509082 0.13684695
genet_eff 1.44621986 0.64621428 0.24809148 0.0798971709 0.75190569
genet_eff 0.74917093 0.67903007 0.02801050 0.4646203505 0.28778179
genet_eff 2.34483263 2.02703609 3.14428141 2.2015616355 0.36043748
genet_eff 0.41623807 0.15420687 0.26511835 0.5920037913 0.39943878
genet_eff 0.43131910 0.71268562 0.90149122 0.6790550497 0.41815089
genet_eff 2.72823584 0.66010104 0.83484127 2.6102776526 2.54523058
genet_eff 0.27690616 1.01502741 0.81847532 0.6490979765 3.03290794
genet_eff 1.53224518 1.70679350 1.77445438 1.1268886267 1.06357890
genet_eff 1.05932764 0.40038521 0.02042203 1.3491921111 1.38238973
genet_eff 1.93251306 0.19805098 0.02618862 0.1398369343 0.75266424
genet_eff 0.27627093 0.19920529 0.31850082 1.0129222465 1.13581774
genet_eff 1.13153611 2.03199417 0.76937691 0.0548507328 0.04382101
genet_eff 0.42262358 0.49886779 0.01393424 0.3384017336 0.32550518
genet_eff 0.36778889 0.88876915 0.37669260 0.2519184957 0.85187200
genet_eff 0.72001020 0.46936625 0.25497454 0.0656088828 0.14370049
                [,16]      [,17]       [,18]       [,19]      [,20]
genet_eff 0.821315213 0.40309137 0.414662449 0.189989886 1.24305518
genet_eff 0.183044710 1.52368119 0.824504545 0.584013310 2.25996554
genet_eff 0.616253734 1.42801565 0.549933402 1.085881090 0.27233126
genet_eff 0.760106182 0.58944190 0.845962177 0.081702291 0.98896248
genet_eff 0.119103130 0.93921667 1.011466242 0.589481528 1.52755438
genet_eff 0.179925856 1.02145628 0.028836416 0.353974039 0.18572424
genet_eff 1.437573428 4.43192456 1.408426774 0.812787331 1.26388615
genet_eff 0.987046980 0.09321511 0.231490337 1.089264724 2.02036466
genet_eff 0.394151076 1.37814012 3.209513096 0.239489142 0.09365489
genet_eff 0.003541472 0.13833330 1.590518824 0.039179563 0.98272802
genet_eff 0.268467342 0.24698555 0.213989559 0.190734102 0.63405467
genet_eff 0.981080191 0.18865407 0.742497472 0.008646726 0.02042738
genet_eff 0.370541945 1.62412573 0.611901442 0.058084309 0.46699561
genet_eff 0.495607340 0.10798366 0.116332196 0.135915584 1.03432485
genet_eff 0.126894755 0.78395544 0.551867324 0.701931916 0.02415009
genet_eff 0.385945219 0.19207267 1.458026930 0.202242605 0.03055190
genet_eff 0.183923082 0.97758804 1.012652495 0.213333128 0.31172579
genet_eff 1.803041648 0.05608224 0.236474990 0.664510603 0.32308377
genet_eff 0.414135995 1.50730386 0.670720702 1.056546883 0.17133897
genet_eff 0.086504084 0.36867386 0.597756121 0.569396088 0.23797043
genet_eff 0.642744414 0.12140484 2.426847780 0.033231106 0.29595612
genet_eff 1.410952572 0.63584559 0.081756702 0.193027054 0.29142205
genet_eff 2.625111754 0.04396690 0.351058789 0.160990946 0.07828445
genet_eff 0.506415570 0.42075884 1.794532780 0.602978209 0.13711127
genet_eff 3.101507751 0.15858132 0.164119233 0.051891801 0.34267533
genet_eff 0.171182142 0.24765703 0.870724839 0.346723436 1.01745896
genet_eff 0.297869307 0.48347320 0.411021399 0.879655169 0.61306704
genet_eff 0.225343886 0.16396603 0.129049470 0.949336868 1.27208668
genet_eff 0.128329852 0.68331218 0.046157584 0.053552236 0.30741196
genet_eff 3.986717142 1.82698938 0.744177037 1.418211296 3.28729161
genet_eff 1.789050768 0.42752222 0.585589125 1.710508398 0.04472329
genet_eff 2.286845939 0.62300760 2.492310793 0.455827667 1.46507191
genet_eff 1.683363348 0.17973989 2.119570808 0.460100198 1.27551963
genet_eff 0.974563055 2.10761386 0.019757831 0.132891350 1.37000669
genet_eff 0.396040109 0.38221017 0.198792412 1.210586685 0.08456450
genet_eff 0.067981836 2.68587722 0.567481996 0.091074871 0.14604855
genet_eff 0.037623355 0.60398123 0.609572235 0.036688087 0.16121416
genet_eff 0.973366070 0.44739829 0.899778164 1.272042882 0.79069761
genet_eff 0.189873012 1.06025100 0.003247036 0.195625579 1.29896078
                [,21]       [,22]       [,23]      [,24]      [,25]
genet_eff 0.803408007 1.676147077 0.543163330 1.19085970 0.25722602
genet_eff 0.095023262 0.587909934 0.013884710 0.33986553 1.72459891
genet_eff 1.943709949 0.002439514 0.449610711 0.53754340 1.30094736
genet_eff 0.481996680 0.222726846 0.151619376 0.52684086 0.38876359
genet_eff 0.387858610 1.166820071 1.309526449 0.28936506 0.28357551
genet_eff 0.985810744 0.371176436 1.067710056 0.54086141 0.18647675
genet_eff 3.274429599 0.050825438 0.458270973 0.74838653 0.13783499
genet_eff 2.103980407 1.502364936 0.390553563 0.17083844 0.16886291
genet_eff 2.943832588 0.586918837 0.400314293 0.34705052 0.49617173
genet_eff 1.824656392 0.925477121 0.753552628 0.03993623 2.08328779
genet_eff 1.540824270 1.086916790 1.146207655 0.54761337 1.90352409
genet_eff 1.082426554 0.385227799 1.650688388 0.52360143 3.47920999
genet_eff 0.549560805 2.470552060 1.854455457 1.50728606 0.63920324
genet_eff 2.694079040 0.531462148 1.277283707 0.60435110 1.91339079
genet_eff 0.655488192 0.038135154 0.573483118 0.49873112 0.12556328
genet_eff 0.006776708 1.694857394 0.009669947 0.07692226 0.61682822
genet_eff 0.550054495 1.376148626 1.017182123 1.64686074 1.18379344
genet_eff 1.487684572 0.733714171 0.672745894 0.42740061 1.56045854
genet_eff 0.981399376 0.931056761 0.598601529 0.36289512 0.73554855
genet_eff 1.007131896 0.545730234 0.298628493 0.36120535 0.55864090
genet_eff 1.082376745 0.102977434 2.027836292 0.06561356 0.50194795
genet_eff 1.355269684 0.028044139 0.035791227 0.80278054 0.19528828
genet_eff 2.305604148 0.102447575 1.051327543 1.27028714 0.01337515
genet_eff 1.579471000 0.408161458 0.283790737 1.36978939 2.34876057
genet_eff 0.760448685 0.612643843 0.675321966 0.32008694 1.27599808
genet_eff 0.706652685 0.294182504 0.082711605 0.36198722 1.26328534
genet_eff 0.615682499 0.568698761 0.325463263 0.23280595 0.54735578
genet_eff 2.430798158 1.114933710 1.474657210 0.31538917 0.40948539
genet_eff 0.941022709 0.907474613 0.770037820 0.01377705 0.96823799
genet_eff 2.752354496 1.793484882 1.782554504 4.24748653 1.59713261
genet_eff 0.706660210 1.059131231 0.081115205 0.09791869 0.25705118
genet_eff 2.623358660 1.055251027 1.389431363 0.49064082 2.62672960
genet_eff 0.137307826 0.916476875 0.473392788 2.01958721 1.72373298
genet_eff 1.556640657 0.145553093 0.894394031 0.87423001 3.48599632
genet_eff 1.286052057 0.254906296 0.148385999 0.07460428 1.97752515
genet_eff 0.721888526 0.124336818 0.127599142 0.69844420 1.06064687
genet_eff 0.095473263 1.017641298 1.552389048 1.70933986 1.79715973
genet_eff 1.838887378 0.064744335 0.301398997 0.35241708 0.28473776
genet_eff 0.230249956 1.419860669 1.246196071 1.42485363 1.75401834
               [,26]       [,27]      [,28]      [,29]      [,30]
genet_eff 1.09883006 1.591541209 3.07826926 0.52155114 0.19907624
genet_eff 0.41311301 0.330933170 0.11129618 0.74509134 3.24874933
genet_eff 1.10186816 0.004502963 2.53177315 0.59007762 0.37277244
genet_eff 0.29473333 0.199102496 0.99618237 0.05710470 0.15008730
genet_eff 1.07057846 2.207972503 2.70792737 0.33490371 0.11154883
genet_eff 0.02074994 0.475103321 0.29690012 0.94410022 0.07292826
genet_eff 0.30144337 0.802290706 1.80100904 0.28371825 1.26791750
genet_eff 0.14363090 0.492185774 1.76467987 2.78057595 0.15549764
genet_eff 0.89355426 0.172031226 1.07178606 0.27727198 0.26142983
genet_eff 1.15055863 1.529457298 1.55434276 2.76175718 3.20025510
genet_eff 0.49156634 0.128091877 0.03225525 0.87913956 1.64381537
genet_eff 3.64044601 4.750638374 3.77801399 1.33477621 0.75708475
genet_eff 0.66221242 0.769292783 2.65797203 1.03368647 0.15112945
genet_eff 0.50645961 1.031947551 2.05070196 1.04033774 0.93355959
genet_eff 0.10924235 0.355907061 1.31579931 0.61373221 0.08670811
genet_eff 0.27054526 2.072461811 1.48880313 0.95779177 0.15991842
genet_eff 1.02254793 0.388294578 0.16308540 0.35560000 1.62147992
genet_eff 1.46679926 0.369868648 2.55297355 0.92870514 0.66451475
genet_eff 0.14807365 1.357571516 1.94367164 0.47370877 1.73051194
genet_eff 0.26495046 0.534927620 0.79720742 0.85771773 0.11939665
genet_eff 0.22677128 1.357505959 0.96207598 0.11042113 0.63311789
genet_eff 0.07308908 1.042094205 1.83739365 0.31387721 0.09550131
genet_eff 0.21093137 0.134977761 0.46658347 1.07342192 0.72791273
genet_eff 2.97322532 2.039872144 1.47307556 0.58637923 0.17014679
genet_eff 0.93580299 0.605888593 1.49827407 3.43977217 0.01219161
genet_eff 1.26527308 0.741567741 2.47548406 0.95164932 0.12959088
genet_eff 0.02843908 0.154578828 0.52864843 2.95835597 2.31526300
genet_eff 0.58183126 0.089981805 1.32450814 0.50112546 1.35642301
genet_eff 0.05249017 0.136927950 0.13282035 0.26585612 0.46263926
genet_eff 0.18059652 1.062421534 0.31755322 0.28373657 3.62817012
genet_eff 1.69288913 0.670483616 0.45530480 0.67198177 0.63760193
genet_eff 1.80708514 0.052568915 0.33747299 0.03158953 1.84284168
genet_eff 0.52149326 0.939092462 2.67409431 5.08804762 0.66965561
genet_eff 2.33055351 1.283910740 1.65784749 1.46858715 1.48129247
genet_eff 0.67981616 1.072691650 2.62124955 0.59294668 1.55240016
genet_eff 0.71628176 0.579236967 1.03204139 1.66104292 0.07650179
genet_eff 0.06351282 0.149872640 1.36092399 0.43553514 0.71647265
genet_eff 0.67770430 0.204633229 2.22321687 2.21659742 2.50599070
genet_eff 0.82294813 0.774709227 0.16717739 0.11991095 0.27317336
               [,31]      [,32]      [,33]     [,34]      [,35]
genet_eff 0.29935028 0.60451394 2.08268263 1.2748112 2.18605746
genet_eff 1.72137421 0.65845720 0.90917603 0.3378420 0.45250435
genet_eff 0.66953924 0.19069217 1.07464046 2.4729278 1.26643289
genet_eff 0.05509092 0.29526373 1.11558553 1.2588446 0.41782374
genet_eff 1.46226985 0.03997809 0.36908014 1.0302725 0.02321587
genet_eff 0.89327817 1.27370156 0.56592702 4.6861998 5.02685892
genet_eff 0.97729196 1.32204978 2.00065521 2.2630409 1.58312735
genet_eff 1.64133447 0.55531947 0.15527887 0.6396977 2.04265016
genet_eff 0.22052591 0.30176762 1.12540749 1.1616232 1.60718102
genet_eff 0.67997755 1.81426608 0.93541528 0.1632230 0.89926518
genet_eff 0.36310849 1.50727309 1.87169887 0.4266548 0.53037255
genet_eff 1.05074438 0.83243550 0.24052463 0.6437824 1.12985086
genet_eff 2.84350235 1.35194017 1.02583199 0.4666354 0.20770252
genet_eff 0.53085495 0.55870129 0.91883832 0.3428430 0.95165065
genet_eff 0.58488584 0.08050539 0.59628746 2.7604032 2.39718299
genet_eff 1.02294407 1.31262393 1.61530568 0.9714237 0.92299701
genet_eff 0.80825220 2.23082554 3.70536961 1.6505044 0.42729583
genet_eff 1.14230494 0.02636976 0.38271131 2.0354102 0.66230674
genet_eff 0.29687282 3.09796893 2.22543466 0.6359244 2.07862369
genet_eff 0.36381836 1.70359771 3.83185657 0.9763801 0.57965906
genet_eff 0.23128175 0.03256078 0.31626075 0.6627035 0.60721767
genet_eff 1.04109464 0.07762449 0.03496016 2.2161542 0.23565156
genet_eff 1.41958702 1.33085468 0.84785554 0.2745175 0.58155482
genet_eff 0.19302544 0.71935795 0.18830546 1.7552550 0.76328494
genet_eff 1.53330497 0.43513434 0.39327303 0.7274349 1.44796527
genet_eff 0.40021235 1.82118698 0.52911480 4.2523563 3.30498494
genet_eff 0.51232908 2.54497062 3.68345516 0.3338475 1.75896257
genet_eff 1.21674481 1.21487860 1.97356846 0.4234467 2.20171091
genet_eff 0.36571716 0.63201991 0.56030023 0.3118293 0.83476365
genet_eff 0.65278171 1.38884994 1.97872989 0.7651039 1.22790139
genet_eff 0.59999418 0.36160988 1.31400177 0.9485031 1.32068900
genet_eff 0.37112897 0.42348979 0.92339201 0.7734307 0.16344548
genet_eff 0.07404545 0.08582198 0.93657158 0.7340339 0.63735143
genet_eff 0.12962277 2.24118515 2.63326306 0.9130502 1.63486477
genet_eff 1.25802447 1.02581842 2.62063896 0.4726172 0.39536264
genet_eff 0.08561817 0.20355201 0.50180236 0.9834975 1.50211295
genet_eff 0.48984618 3.11759058 1.31818383 4.2573852 4.30993913
genet_eff 0.14408117 0.20353148 0.20444473 3.3310266 1.08303362
genet_eff 0.30998666 2.08721820 0.20855712 2.5278067 3.01657627
                 [,36]      [,37]      [,38]      [,39]       [,40]
genet_eff 1.1328266924 0.02848647 0.05962628 0.77084632 3.078965752
genet_eff 2.3012180849 1.36506932 2.10258441 0.90657550 0.801667244
genet_eff 0.2758395788 0.16824836 0.29913451 0.33339524 0.396758776
genet_eff 0.0003321835 0.14644913 1.28036635 0.57679188 1.017953397
genet_eff 3.6432537098 0.24614811 0.71409818 1.58172546 0.383561753
genet_eff 0.8746575027 0.11206669 0.24770412 1.51645329 1.234781255
genet_eff 3.0867124265 1.93834121 2.38611192 0.26742142 0.549470215
genet_eff 1.4231840176 0.84665644 0.37337635 0.34232751 1.085785016
genet_eff 0.2106921689 0.83322968 0.89134913 4.12001399 5.264144022
genet_eff 1.2694586468 0.48683942 1.33610647 0.33874756 1.364609700
genet_eff 0.4772587418 0.94145372 1.06222903 0.02357269 0.180772537
genet_eff 0.7652035465 0.70125167 0.36307331 1.02943259 1.959564324
genet_eff 0.3333925666 0.69334125 0.13152675 0.45561334 1.139782404
genet_eff 0.3835334938 0.70719229 0.32049613 1.29027643 0.164705518
genet_eff 0.2930659587 0.15996948 0.12193213 1.01613572 0.059778932
genet_eff 3.0409271524 1.33987668 1.29110767 0.89062056 0.219583700
genet_eff 0.3613543941 0.13406759 0.29825184 0.51647113 0.003686844
genet_eff 3.5278872785 0.55730376 1.70728704 0.44879538 0.832129411
genet_eff 0.4051312871 1.17642604 1.15003742 0.87276266 0.086646788
genet_eff 0.2735612040 0.36331165 0.21316266 0.48402548 0.216695399
genet_eff 0.4756537628 0.01658400 0.32828203 0.68954136 1.426711415
genet_eff 0.1466425868 0.79312203 1.35729735 2.27217513 1.001059374
genet_eff 0.4985707100 0.93623690 0.21229369 1.24137389 0.543362800
genet_eff 1.1251881624 0.07891575 0.20314809 2.41279909 3.098439806
genet_eff 0.1932637874 0.16302696 0.71862623 0.60859299 0.621939687
genet_eff 0.5811633439 0.21574437 0.89191604 1.22353312 0.859086825
genet_eff 1.5731851081 1.51771688 1.48320674 1.73812057 0.297372453
genet_eff 0.3634229852 0.74628738 3.13207108 4.90284707 2.387117592
genet_eff 0.5816962601 1.08502764 0.18102937 1.79069743 1.112267987
genet_eff 3.5099325341 3.52011563 0.01226834 0.32091929 0.248095019
genet_eff 1.8402173684 1.33902739 1.58045661 0.04072668 0.561986596
genet_eff 1.7353762151 1.00302725 0.19372375 0.37696216 0.940889389
genet_eff 0.3810236757 0.89906253 3.01836337 0.62111832 0.354865619
genet_eff 0.2823144720 0.47459265 0.56044614 0.07358813 0.293580098
genet_eff 0.0901708297 0.26009400 0.75845436 1.34382685 1.808611453
genet_eff 0.1262045152 0.31065836 0.68196192 0.49580072 1.227551095
genet_eff 1.4624730903 0.01585970 0.51342005 0.29812428 0.693999382
genet_eff 0.0042197035 1.15678293 0.20316338 0.12577011 0.853187971
genet_eff 0.6774384449 0.42536557 0.06899639 0.14715842 0.372844386
               [,41]      [,42]      [,43]       [,44]       [,45]
genet_eff 0.61523072 1.04013302 0.94496216 0.012603855 1.356913181
genet_eff 1.55999683 0.11557381 0.40540717 2.609468727 0.319486537
genet_eff 0.25259831 0.59785202 0.64415225 0.791247958 0.861834002
genet_eff 0.22857573 1.27696381 3.15533522 0.356218310 0.129708604
genet_eff 0.20015121 1.76879020 0.62843311 0.187199467 0.338323135
genet_eff 1.32207467 1.61017533 2.69917014 1.296091124 0.013512745
genet_eff 0.20520954 2.09425419 1.42397670 0.333805444 0.008807506
genet_eff 0.17509528 1.09263887 1.32629286 0.673207610 0.357663113
genet_eff 0.84415196 0.61996821 0.16316912 1.547604304 0.112215841
genet_eff 2.08111041 1.12853953 1.23970327 1.403783966 0.520011873
genet_eff 1.15246077 1.87080418 2.61310117 1.609344189 0.351082950
genet_eff 0.36616153 0.86608290 1.83959004 0.060406524 0.614961048
genet_eff 1.32414341 2.16389635 2.44283682 0.927005271 0.348024538
genet_eff 0.25290309 1.97072429 1.71509478 1.268647926 2.026997214
genet_eff 0.37593693 2.16365883 4.11081087 0.704793882 0.149223834
genet_eff 0.44757025 0.58112021 0.71695589 0.017649455 0.387846561
genet_eff 0.29294494 0.74273366 0.02723856 0.010908024 0.754194925
genet_eff 1.97235750 2.22187745 0.79764360 1.264691289 1.533891067
genet_eff 0.70631841 0.25383630 1.39934779 0.270952475 0.297237138
genet_eff 1.34865682 1.68974305 2.24680869 0.328700143 0.425933983
genet_eff 0.51678007 0.29297577 0.10011618 0.124518171 0.996633732
genet_eff 0.55219891 0.91991367 1.29887016 1.917161060 1.576157693
genet_eff 0.57672173 0.65377744 0.58700333 0.395147699 0.338168042
genet_eff 1.02902648 0.15184261 0.25441993 0.254455702 1.038991485
genet_eff 0.04490298 2.49570836 1.18936044 0.885416285 0.092130307
genet_eff 0.14962319 0.78000255 3.12078308 0.436353420 0.591810972
genet_eff 1.71687996 0.08524214 1.46101828 0.081823027 0.131110015
genet_eff 2.62117572 2.57851902 5.36844071 2.263085876 1.807360080
genet_eff 0.92081279 0.16173588 0.84631728 0.711346145 0.260307462
genet_eff 1.11718884 1.49288472 1.16208805 0.501857562 1.292466419
genet_eff 0.21456498 0.44784851 1.55987647 0.153995906 0.509713172
genet_eff 0.10488428 0.73551700 0.69921735 2.444464333 0.996946962
genet_eff 0.43513371 0.71150258 1.08942637 0.317590813 0.746192403
genet_eff 2.03551729 1.43970760 2.25997606 0.009533187 0.354403879
genet_eff 0.34169179 4.85060153 4.37355724 3.608952422 2.949345676
genet_eff 0.73781156 1.20314749 0.09790485 0.513319688 0.524228750
genet_eff 0.77568176 0.31587116 2.90859476 1.255088340 0.260013272
genet_eff 2.10547986 0.49640180 0.11843255 0.031817321 0.076509510
genet_eff 0.56377269 0.11350220 2.09628902 0.229999028 0.178912768
                 [,46]      [,47]       [,48]      [,49]       [,50]
genet_eff 0.4085149880 0.14370036 0.456334724 0.70399758 1.590159803
genet_eff 0.5923182190 0.74334694 0.529994027 0.15850549 0.819503832
genet_eff 0.7232836962 0.03184622 0.587017361 1.04578076 0.071179470
genet_eff 0.1702165838 2.26518131 0.516190712 0.25882744 1.265237423
genet_eff 1.1614071515 1.61916733 0.538924840 1.81941110 1.276310910
genet_eff 0.1758074427 1.24011790 0.271880520 0.27530787 0.719918065
genet_eff 0.4813318990 0.28347235 1.893566863 0.81827965 1.295433300
genet_eff 0.8835432039 2.11212991 0.451118932 0.04095315 2.082467270
genet_eff 0.2191842531 0.28557090 0.078910452 0.38460530 4.159794590
genet_eff 2.9311658893 2.29450736 2.616950927 1.49941725 1.632753586
genet_eff 1.4518776860 1.38429768 0.655359138 0.11952355 0.202211251
genet_eff 0.3258196365 0.17807852 0.506360454 0.83697585 1.992254128
genet_eff 0.3109519256 0.81694922 1.147315736 0.17922956 2.293342039
genet_eff 4.4637249482 3.47528790 0.627797232 1.13621405 0.543110896
genet_eff 1.9432891608 0.67594831 1.121753974 0.63800536 2.302112102
genet_eff 0.1361424288 1.25975169 1.737503671 1.48494235 0.396895540
genet_eff 0.2324584911 0.88261570 0.096696066 0.55951588 0.006243583
genet_eff 0.3198526693 0.50375650 1.322516107 1.22092651 0.797398179
genet_eff 0.4973629134 1.17409137 2.632238202 1.51906167 1.385568018
genet_eff 1.0219814889 1.43657877 0.109191334 0.65229175 0.139365800
genet_eff 1.1670603553 0.32655772 0.297823326 0.20358178 1.035545463
genet_eff 1.2669426212 0.72853612 0.479167363 0.63919369 1.288249025
genet_eff 0.0002023266 0.45195913 1.037348145 0.87208642 1.137773060
genet_eff 0.3489616904 0.70636013 0.906101506 0.44255343 0.654237030
genet_eff 1.1476666978 0.54045644 0.649424942 0.20053901 0.006183235
genet_eff 0.2119030665 2.68277488 0.075680035 0.90897192 0.032125024
genet_eff 0.6415976437 0.52770060 0.568456469 0.99072074 0.887075017
genet_eff 0.5721145798 0.38445551 0.149075613 1.15990044 4.185096109
genet_eff 2.8117429224 2.32280546 0.678060267 1.17781304 0.127779479
genet_eff 2.4570493926 1.24615888 1.480294822 0.22452979 1.457379693
genet_eff 0.3850196584 1.65752812 0.358633665 0.09981201 0.895350895
genet_eff 0.3492108548 0.35971998 0.003247298 1.09196104 0.371645570
genet_eff 1.1743482994 0.28211709 0.031069220 0.41546821 1.180015674
genet_eff 0.8732487985 0.36141787 0.592727840 0.10953401 0.078199422
genet_eff 1.9835651482 0.85199657 0.657766848 0.69555053 0.117731425
genet_eff 0.2962421929 1.64851693 0.335023626 0.70293557 0.297508128
genet_eff 3.0578960885 0.45732040 1.496244233 0.33441858 1.825033969
genet_eff 0.8220410370 2.27055398 0.722858068 0.93498923 0.251115587
genet_eff 1.6221514908 0.25965331 1.924260002 0.72186939 1.166142878
               [,51]      [,52]       [,53]      [,54]      [,55]
genet_eff 0.31083468 0.12546630 0.083246453 0.47147067 1.75103386
genet_eff 1.00395438 0.81844337 2.378090453 1.28021153 2.25569073
genet_eff 0.18743327 0.30863512 0.620649339 0.20768789 0.17481450
genet_eff 0.09198856 0.28248051 2.494460590 2.15699618 2.06965360
genet_eff 1.21356458 0.98561255 1.634636745 1.09391940 1.29291071
genet_eff 0.92730598 0.13110324 0.140604258 0.75189497 2.11407528
genet_eff 0.15414450 0.94324737 0.784243555 0.43009283 0.53148046
genet_eff 1.03251259 0.33050477 0.318341948 0.11433223 0.79827606
genet_eff 1.18590870 0.60565036 1.520012012 2.61403128 1.76517110
genet_eff 2.35745044 0.15791088 3.007802600 0.58655356 0.27746218
genet_eff 0.31854027 0.18272116 2.634873935 3.01965709 2.60413862
genet_eff 0.30812779 0.23253466 1.079944598 0.31323660 0.17054481
genet_eff 2.21931583 1.20316657 0.121723078 0.04444557 0.27991329
genet_eff 0.17989984 0.03843636 3.625292256 2.40039470 1.66928749
genet_eff 1.68214517 1.70926163 1.785703718 0.52886434 1.45540411
genet_eff 0.40474354 1.21717034 0.003012218 0.79781098 0.36692639
genet_eff 0.19302076 0.29873019 0.398742602 0.67368161 0.42647263
genet_eff 0.08092676 0.47521368 1.347443334 1.03621334 1.18697689
genet_eff 0.41792835 1.29786330 3.455053631 2.79458291 2.21033809
genet_eff 0.23283700 0.51090665 1.056681269 1.46686540 0.74713309
genet_eff 0.09381541 0.27747155 0.557600305 0.12301271 0.78458184
genet_eff 1.07257672 3.29788954 0.964720149 0.57871399 0.56179859
genet_eff 0.28190798 0.74548945 0.822946849 0.10115499 0.24750279
genet_eff 1.03078899 1.73854516 0.745881010 0.24875796 0.08084682
genet_eff 0.75852658 0.13629164 1.406095019 1.28539064 1.20701772
genet_eff 0.16977528 0.35195295 0.001480674 0.78984386 1.96101882
genet_eff 0.31967983 3.72492152 3.815208834 4.45905813 4.05017974
genet_eff 2.77403643 0.20036027 2.273492071 0.32038637 0.59187603
genet_eff 0.49408920 0.13177315 2.181018286 2.52893245 3.15511491
genet_eff 1.23824269 2.55283310 1.747945217 0.17751902 0.88308059
genet_eff 2.37851268 2.02673174 0.470078865 1.09730301 1.48481596
genet_eff 0.71962034 0.74156586 1.402791430 2.13762256 0.20104107
genet_eff 0.58161878 0.09901776 0.204030705 0.85490743 1.58047241
genet_eff 0.93817790 0.49251806 0.882982106 1.51864605 0.27909784
genet_eff 0.03176994 0.02599906 1.228096503 1.77337931 2.15184506
genet_eff 0.14743786 0.72705731 0.102303595 1.50070581 0.82286417
genet_eff 2.81010009 0.85426684 0.109520086 1.84771109 0.24959470
genet_eff 0.40621778 0.15566878 2.058447884 1.18525301 3.89257063
genet_eff 1.67970403 0.64899617 0.200082172 0.45022427 0.89400902
                 [,56]     [,57]      [,58]      [,59]      [,60]
genet_eff 0.6927873788 0.7954455 0.84672132 6.53795612 3.77098176
genet_eff 1.7187974050 4.4140947 1.57213967 0.70731523 0.15459525
genet_eff 2.2179206924 2.2636801 2.54089726 1.93166844 0.67734764
genet_eff 0.0009040739 3.0725385 1.36207108 0.23598835 0.82982132
genet_eff 0.1357989715 1.1224756 0.78638397 0.11014400 1.16688053
genet_eff 0.1401404991 0.9354847 1.10707295 2.31848439 3.59212448
genet_eff 0.3927095872 0.2172716 0.16694573 2.43860728 2.55838454
genet_eff 0.9047910350 1.2159465 0.94471514 0.02172613 1.61364719
genet_eff 0.0091549517 0.5665946 0.70374777 0.41391538 0.09116930
genet_eff 0.0670759424 1.8026901 0.44768900 0.73736037 1.55947448
genet_eff 1.3680114422 3.6541993 2.71920316 2.10688200 2.45675451
genet_eff 0.2803174317 4.3603486 2.42640987 0.17997058 0.54728490
genet_eff 2.4141193298 0.7133569 0.87992756 0.30863361 1.93886492
genet_eff 1.4305896152 4.1137989 3.63556440 2.99372026 2.86605836
genet_eff 0.2386699101 0.7454591 0.06291056 1.52241967 2.02612676
genet_eff 1.2483058269 1.4994624 1.61998495 0.95116316 0.75149085
genet_eff 0.1780225778 0.6274226 0.75317869 1.10975958 0.51441639
genet_eff 2.3851161319 1.1370450 0.21609798 0.76326498 0.16090221
genet_eff 2.5295403940 4.0148124 1.10998338 3.54251673 0.75254225
genet_eff 0.4363863643 1.5607933 0.59492307 0.48463573 0.48792223
genet_eff 0.2455867535 1.2314244 1.17560456 0.38833336 0.51506351
genet_eff 0.3037615849 2.3522462 1.07659562 0.52878606 0.99635912
genet_eff 0.2454535930 0.9135018 0.06808104 0.37841815 3.95588542
genet_eff 1.5394667494 0.4128966 0.57817013 0.04152348 0.11659405
genet_eff 0.2904802795 0.2634506 0.28321413 1.55044440 1.93032365
genet_eff 1.7885667449 1.2873614 1.51212572 1.89108714 0.64314261
genet_eff 1.8255114329 2.0105380 0.65705228 0.43975905 1.42225420
genet_eff 0.3452277648 0.9134569 0.53345153 2.00103998 1.62153089
genet_eff 3.4856474672 2.7828619 2.31115435 5.02777708 4.51064987
genet_eff 1.8583406944 0.5093060 0.30672878 3.14135991 1.21155107
genet_eff 0.6588452863 0.1959400 0.33066931 0.11104416 0.26655080
genet_eff 0.4617799765 1.0964821 1.82738478 0.17521999 0.82633342
genet_eff 1.4814357122 2.1289224 0.32444942 1.65672735 3.34629048
genet_eff 0.6081556732 0.9942558 0.76627522 2.12821443 1.06690329
genet_eff 1.7842584392 2.0224483 0.95595310 1.27279264 0.93429319
genet_eff 0.6887130323 0.2524009 0.34202513 0.79783575 0.02359436
genet_eff 1.0209322147 1.5581314 1.58709697 4.47933772 5.14720122
genet_eff 1.8730519091 2.2985130 0.71762547 0.25464019 0.08958418
genet_eff 0.7526532919 0.6305433 0.55012516 4.69214876 3.67056787
               [,61]      [,62]       [,63]      [,64]       [,65]
genet_eff 5.62495393 4.60946311 2.562489498 1.38351104 0.337341129
genet_eff 1.03803016 0.59009132 0.022568333 0.18413080 0.501903314
genet_eff 1.15852284 1.47584080 0.652149530 0.54637460 0.904945387
genet_eff 1.19081706 0.06122280 0.303993014 0.96560695 2.157077293
genet_eff 0.09305365 0.78273566 0.194067555 0.68793002 0.437094288
genet_eff 3.33775400 1.01134094 0.623876203 0.81076422 0.922982624
genet_eff 3.38976629 2.77189168 0.018498357 0.37537789 0.913577998
genet_eff 0.32447703 0.28872554 0.302829305 0.05527466 0.313552544
genet_eff 0.43262491 0.08040303 0.364047914 0.59521936 0.087113067
genet_eff 0.61677059 0.17061722 0.028786276 0.18728558 1.361300934
genet_eff 1.55370947 1.31852944 0.387354444 0.16054285 0.188510963
genet_eff 0.01322467 1.99737265 0.989330275 0.18512527 1.007147074
genet_eff 0.10146778 0.23742209 0.252652601 0.45056168 0.442977090
genet_eff 0.67327883 1.35101265 0.105217661 0.72557120 1.495748275
genet_eff 4.47064604 0.90598190 0.136687181 0.05014518 0.005760319
genet_eff 1.26130868 0.10875994 0.680661607 0.43264570 1.402795059
genet_eff 1.32356860 0.84896105 0.319013326 0.09794381 0.178435981
genet_eff 0.07630708 0.14549012 0.441366073 0.33469316 0.075213888
genet_eff 1.10815668 4.17446675 2.819744756 1.67831295 0.899759036
genet_eff 0.15293378 2.38089019 1.520970633 0.62241881 0.036098348
genet_eff 1.14467059 2.57772575 0.003268853 0.13878014 0.595832030
genet_eff 0.02716776 0.29543883 0.128429249 0.66323522 0.196249705
genet_eff 0.74308531 0.47915580 0.431059317 0.10185652 0.188001239
genet_eff 2.82767804 1.28974161 1.822329247 2.91734744 4.342878754
genet_eff 1.26387323 0.50182325 0.132244043 0.13161545 0.307647752
genet_eff 4.19844442 1.48539553 0.731175466 0.30148544 0.604340794
genet_eff 0.49289845 0.34761343 1.433929091 0.79224485 0.772106492
genet_eff 0.39649054 0.11171185 1.433153113 0.03677547 0.541672443
genet_eff 2.51700444 2.43732403 0.853430836 0.82638423 0.250269568
genet_eff 0.57919590 0.09804233 0.144250937 0.44694337 0.510387469
genet_eff 0.92976829 0.42301845 0.276413865 0.59144249 0.769867865
genet_eff 1.94596565 0.55729183 0.406115725 0.86046861 0.410617392
genet_eff 0.26061645 0.25096031 0.505891723 0.30801861 0.109470648
genet_eff 2.40851814 0.06307841 1.038660908 1.41680301 1.168751003
genet_eff 0.93707328 0.07198471 0.428321889 0.21373629 0.242555596
genet_eff 2.52851857 1.47542620 0.426241536 1.31593740 1.037578783
genet_eff 7.67127472 2.43394111 0.627911820 0.29276425 0.303201522
genet_eff 0.02756002 0.43336202 0.536851387 0.30776358 0.209775429
genet_eff 7.68212020 2.18963788 0.864276182 0.69054983 0.939095912
               [,66]       [,67]       [,68]      [,69]
genet_eff 0.02300741 1.812861097 5.010010137 3.58916628
genet_eff 0.81184008 1.572918301 0.431975111 1.52826718
genet_eff 2.23563425 0.297397703 0.024634608 0.04106520
genet_eff 0.21801119 0.441642277 3.554505012 2.37332270
genet_eff 0.90598922 0.863043083 2.592450865 2.21343570
genet_eff 1.17091816 3.647828845 1.471744418 1.43274795
genet_eff 1.46736744 1.023426508 0.399862085 1.65390802
genet_eff 0.35579919 0.103868034 0.015178507 0.98339294
genet_eff 1.20173026 0.930011646 0.006123541 1.61600695
genet_eff 0.59882703 0.074992382 1.317381790 2.09613816
genet_eff 0.98782766 2.279243826 0.345287212 1.90454932
genet_eff 1.22603353 0.007164777 0.633990814 0.51113951
genet_eff 0.31277832 1.281468901 1.163591924 0.06237739
genet_eff 0.03462363 1.360275270 1.300612808 1.90021134
genet_eff 0.06316287 0.036308528 0.046539078 0.28525303
genet_eff 0.61551830 0.111894773 1.190428458 2.62086967
genet_eff 1.12368113 0.255877495 0.700725260 1.62359035
genet_eff 0.01003022 0.142808252 0.418786013 3.91391453
genet_eff 3.10891527 1.141051049 0.235550500 0.14137258
genet_eff 0.30458649 0.188634233 1.397814453 2.06375341
genet_eff 0.03911345 1.379858150 0.787709030 1.24447394
genet_eff 0.64634228 0.900441026 0.284935129 0.92102515
genet_eff 0.72680327 0.092318236 1.189249776 1.58534698
genet_eff 1.59552484 0.296023836 3.788048340 3.18716426
genet_eff 2.51491719 1.040365361 0.682409610 0.32014956
genet_eff 0.03845452 0.017783765 0.321106204 1.66150200
genet_eff 1.64500558 0.712256305 0.191413497 0.25429038
genet_eff 1.13787763 1.764775780 0.068445628 1.13210250
genet_eff 1.63170800 2.172229872 0.128864314 0.16256281
genet_eff 0.24915008 0.116930514 1.459932906 0.52040689
genet_eff 0.62147550 2.762127356 2.266892391 2.42681187
genet_eff 0.03021212 0.213580915 0.022565311 0.38256896
genet_eff 1.08178860 1.125358776 0.273679126 0.03489838
genet_eff 0.42377679 0.611994945 0.957612007 1.14065950
genet_eff 0.99775047 2.647999967 0.143782027 0.17720974
genet_eff 0.83974263 0.514319117 1.083142117 0.14633427
genet_eff 1.11112241 5.420550317 3.177732511 1.23141272
genet_eff 2.19980747 0.279760719 0.544139512 1.73340386
genet_eff 1.21070341 3.203579359 0.785518376 0.39391796
> image(resmatrix > 5)
> image(resmatrix > 10)
> image(resmatrix > 1)
> image(cor(t(resmatrix)))
> image(cor(t(resmatrix > 5)))
Warning message:
In cor(t(resmatrix > 5)) : the standard deviation is zero
> image(cor(t(resmatrix > 5),use="pair"))
Warning message:
In cor(t(resmatrix > 5), use = "pair") : the standard deviation is zero
> image(cor(t(resmatrix > 1),use="pair"))
> image(cor(t(resmatrix > 2),use="pair"))
> image(cor(t(resmatrix > 3),use="pair"))
Warning message:
In cor(t(resmatrix > 3), use = "pair") : the standard deviation is zero
> image(cor(t(resmatrix > 5),use="pair"))
Warning message:
In cor(t(resmatrix > 5), use = "pair") : the standard deviation is zero
> image(cor(t(resmatrix)))
> image(cor.test(t(resmatrix)))
Error in cor.test.default(t(resmatrix)) : 
  argument "y" is missing, with no default
> image(cor.test(resmatrix[1,],resmatrix[37,]))
Error in image.default(cor.test(resmatrix[1, ], resmatrix[37, ])) : 
  'z' must be a matrix
> cor.test(resmatrix[1,],resmatrix[37,])

        Pearson's product-moment correlation

data:  resmatrix[1, ] and resmatrix[37, ] 
t = 5.2153, df = 67, p-value = 1.93e-06
alternative hypothesis: true correlation is not equal to 0 
95 percent confidence interval:
 0.3444803 0.6866963 
sample estimates:
      cor 
0.5373499 

> cor.test(resmatrix[1,],resmatrix[37,])$p.alue
NULL
> cor.test(resmatrix[1,],resmatrix[37,])$p.value
[1] 1.929868e-06
> cor.test(resmatrix[1,],resmatrix[34,])$p.value
[1] 0.1118335
> cor.test(resmatrix[1,],resmatrix[1,])$p.value
[1] 0
> cor.test(resmatrix[1,],resmatrix[2,])$p.value
[1] 0.05044779
> cor.test(resmatrix[1,],resmatrix[3,])$p.value
[1] 0.3432845
> cor.test(resmatrix[1,],resmatrix[39,])$p.value
[1] 6.356116e-08






image(cor(t(resmatrix)))
> plot(1:100,col=1:100)
> plot(1:20,col=1:20)
> plot(1:20,col=rgb(1:20/20,0,0))
> ?colorRamp
> 